2026-06-24T19:49:08.737637Z  INFO herdr::logging: herdr starting event="app.startup" subsystem="client" outcome="started" pid=12230
2026-06-24T19:49:08.737716Z  INFO herdr::client: connecting to server path=/Users/dylanwax/.config/herdr/herdr-client.sock
2026-06-24T19:49:08.966708Z  INFO herdr::client: handshake succeeded version=14 encoding=SemanticFrame
2026-06-24T19:51:18.075717Z  INFO herdr::logging: herdr starting event="app.startup" subsystem="client" outcome="started" pid=19784
2026-06-24T19:51:18.075784Z  INFO herdr::client: connecting to server path=/Users/dylanwax/.config/herdr/herdr-client.sock
2026-06-24T19:51:18.272734Z  INFO herdr::client: handshake succeeded version=14 encoding=SemanticFrame
2026-06-28T05:47:11.885425Z  INFO herdr::logging: herdr starting event="app.startup" subsystem="client" outcome="started" pid=39045
2026-06-28T05:47:11.885613Z  INFO herdr::client: connecting to server path=/Users/dylanwax/.config/herdr/herdr-client.sock
2026-06-28T05:47:12.135276Z  INFO herdr::client: handshake succeeded version=14 encoding=SemanticFrame
2026-06-28T05:47:36.871954Z  INFO herdr::logging: herdr starting event="app.startup" subsystem="client" outcome="started" pid=41731
2026-06-28T05:47:36.872102Z  INFO herdr::client: connecting to server path=/Users/dylanwax/.config/herdr/herdr-client.sock
2026-06-28T05:47:36.972795Z  INFO herdr::client: handshake succeeded version=14 encoding=SemanticFrame
2026-06-28T06:14:08.054397Z  INFO herdr::logging: herdr starting event="app.startup" subsystem="client" outcome="started" pid=63919
2026-06-28T06:14:08.054676Z  INFO herdr::client: connecting to server path=/Users/dylanwax/.config/herdr/herdr-client.sock
2026-06-28T06:14:08.206008Z  INFO herdr::client: handshake succeeded version=14 encoding=SemanticFrame
2026-06-28T22:53:00.941556Z  INFO herdr::logging: herdr starting event="app.startup" subsystem="client" outcome="started" pid=54641
2026-06-28T22:53:00.942030Z  INFO herdr::client: connecting to server path=/Users/dylanwax/.config/herdr/herdr-client.sock
2026-06-28T22:53:00.958487Z  INFO herdr::client: handshake succeeded version=14 encoding=SemanticFrame
2026-06-29T02:55:06.497884Z  INFO herdr::logging: herdr starting event="app.startup" subsystem="client" outcome="started" pid=45984
2026-06-29T02:55:06.498200Z  INFO herdr::client: connecting to server path=/Users/dylanwax/.config/herdr/herdr-client.sock
2026-06-29T02:55:06.548208Z  INFO herdr::client: handshake succeeded version=14 encoding=SemanticFrame
2026-06-30T05:00:34.626484Z  INFO herdr::logging: herdr starting event="app.startup" subsystem="client" outcome="started" pid=6916
2026-06-30T05:00:34.626713Z  INFO herdr::client: connecting to server path=/Users/dylanwax/.config/herdr/herdr-client.sock
2026-06-30T05:00:34.872484Z  INFO herdr::client: handshake succeeded version=14 encoding=SemanticFrame
2026-06-30T18:11:16.515227Z  INFO herdr::logging: herdr starting event="app.startup" subsystem="client" outcome="started" pid=14227
2026-06-30T18:11:16.515602Z  INFO herdr::client: connecting to server path=/Users/dylanwax/.config/herdr/herdr-client.sock
2026-06-30T18:11:16.709176Z  INFO herdr::client: handshake succeeded version=14 encoding=SemanticFrame
2026-07-02T21:56:30.175342Z  INFO herdr::logging: herdr starting event="app.startup" subsystem="client" outcome="started" pid=84585
2026-07-02T21:56:30.175672Z  INFO herdr::client: connecting to server path=/Users/dylanwax/.config/herdr/herdr-client.sock
2026-07-02T21:56:30.404427Z  INFO herdr::client: handshake succeeded version=14 encoding=SemanticFrame
2026-07-04T21:36:52.252282Z  INFO herdr::logging: herdr starting event="app.startup" subsystem="client" outcome="started" pid=68872
2026-07-04T21:36:52.252340Z  INFO herdr::client: connecting to server path=/Users/dylanwax/.config/herdr/herdr-client.sock
2026-07-04T21:36:52.448475Z  INFO herdr::client: handshake succeeded version=14 encoding=SemanticFrame
2026-07-04T21:38:24.970094Z  INFO herdr::logging: herdr starting event="app.startup" subsystem="client" outcome="started" pid=71520
2026-07-04T21:38:24.970435Z  INFO herdr::client: connecting to server path=/Users/dylanwax/.config/herdr/herdr-client.sock
2026-07-04T21:38:25.142130Z  INFO herdr::client: handshake succeeded version=14 encoding=SemanticFrame
2026-07-06T05:10:56.568071Z  INFO herdr::logging: herdr starting event="app.startup" subsystem="client" outcome="started" pid=45058
2026-07-06T05:10:56.568467Z  INFO herdr::client: connecting to server path=/Users/dylanwax/.config/herdr/herdr-client.sock
2026-07-06T05:10:56.637032Z  INFO herdr::client: handshake succeeded version=14 encoding=SemanticFrame
2026-07-06T05:13:24.938410Z  INFO herdr::logging: herdr starting event="app.startup" subsystem="client" outcome="started" pid=49590
2026-07-06T05:13:24.938524Z  INFO herdr::client: connecting to server path=/Users/dylanwax/.config/herdr/herdr-client.sock
2026-07-06T05:13:25.146103Z  INFO herdr::client: handshake succeeded version=14 encoding=SemanticFrame
2026-07-06T05:13:36.886740Z  INFO herdr::logging: herdr starting event="app.startup" subsystem="client" outcome="started" pid=51207
2026-07-06T05:13:36.886834Z  INFO herdr::client: connecting to server path=/Users/dylanwax/.config/herdr/herdr-client.sock
2026-07-06T05:13:37.034608Z  INFO herdr::client: handshake succeeded version=14 encoding=SemanticFrame
2026-07-06T06:35:26.150133Z  INFO herdr::logging: herdr starting event="app.startup" subsystem="client" outcome="started" pid=40506
2026-07-06T06:35:26.150236Z  INFO herdr::client: connecting to server path=/Users/dylanwax/.config/herdr/herdr-client.sock
2026-07-06T06:35:26.193621Z  INFO herdr::client: handshake succeeded version=14 encoding=SemanticFrame
2026-07-06T17:57:36.859434Z  INFO herdr::logging: herdr starting event="app.startup" subsystem="client" outcome="started" pid=5608
2026-07-06T17:57:36.859734Z  INFO herdr::client: connecting to server path=/Users/dylanwax/.config/herdr/herdr-client.sock
2026-07-06T17:57:36.934119Z  INFO herdr::client: handshake succeeded version=14 encoding=SemanticFrame
2026-07-06T17:57:41.834550Z  INFO herdr::logging: herdr starting event="app.startup" subsystem="client" outcome="started" pid=6157
2026-07-06T17:57:41.834657Z  INFO herdr::client: connecting to server path=/Users/dylanwax/.config/herdr/herdr-client.sock
2026-07-06T17:57:41.953419Z  INFO herdr::client: handshake succeeded version=14 encoding=SemanticFrame
2026-07-06T17:59:48.713580Z  WARN herdr::raw_input: flushing lone escape after input timeout; if this follows an alt chord or focus switch it may reach the pane as plain esc bytes=[27]
2026-07-06T17:59:48.713718Z  WARN herdr::raw_input: flushing lone escape after input timeout; if this follows an alt chord or focus switch it may reach the pane as plain esc bytes=[27]
2026-07-06T21:26:14.057969Z  INFO herdr::logging: herdr starting event="app.startup" subsystem="client" outcome="started" pid=88802
2026-07-06T21:26:14.058286Z  INFO herdr::client: connecting to server path=/Users/dylanwax/.config/herdr/herdr-client.sock
2026-07-06T21:26:14.180981Z  INFO herdr::client: handshake succeeded version=14 encoding=SemanticFrame
2026-07-09T05:38:16.207434Z  INFO herdr::logging: herdr starting event="app.startup" subsystem="client" outcome="started" pid=72621
2026-07-09T05:38:16.207664Z  INFO herdr::client: connecting to server path=/Users/dylanwax/.config/herdr/herdr-client.sock
2026-07-09T05:38:16.455682Z  INFO herdr::client: handshake succeeded version=16 encoding=SemanticFrame
2026-07-09T20:27:37.382078Z  INFO herdr::logging: herdr starting event="app.startup" subsystem="client" outcome="started" pid=4579
2026-07-09T20:27:37.382291Z  INFO herdr::client: connecting to server path=/Users/dylanwax/.config/herdr/herdr-client.sock
2026-07-09T20:27:37.585717Z  INFO herdr::client: handshake succeeded version=16 encoding=SemanticFrame
2026-07-09T20:37:14.288796Z  INFO herdr::logging: herdr starting event="app.startup" subsystem="client" outcome="started" pid=2327
2026-07-09T20:37:14.288994Z  INFO herdr::client: connecting to server path=/Users/dylanwax/.config/herdr/herdr-client.sock
2026-07-09T20:37:14.492421Z  INFO herdr::client: handshake succeeded version=16 encoding=SemanticFrame
2026-07-09T20:39:14.264719Z  INFO herdr::logging: herdr starting event="app.startup" subsystem="client" outcome="started" pid=9117
2026-07-09T20:39:14.264777Z  INFO herdr::client: connecting to server path=/Users/dylanwax/.config/herdr/herdr-client.sock
2026-07-09T20:39:14.300175Z  INFO herdr::client: handshake succeeded version=16 encoding=SemanticFrame
2026-07-09T20:42:48.407301Z  INFO herdr::logging: herdr starting event="app.startup" subsystem="client" outcome="started" pid=19414
2026-07-09T20:42:48.407375Z  INFO herdr::client: connecting to server path=/Users/dylanwax/.config/herdr/herdr-client.sock
2026-07-09T20:42:48.617267Z  INFO herdr::client: handshake succeeded version=16 encoding=SemanticFrame
2026-07-09T21:43:17.765804Z  INFO herdr::logging: herdr starting event="app.startup" subsystem="client" outcome="started" pid=4287
2026-07-09T21:43:17.765895Z  INFO herdr::client: connecting to server path=/Users/dylanwax/.config/herdr/herdr-client.sock
2026-07-09T21:43:17.897779Z  INFO herdr::client: handshake succeeded version=16 encoding=SemanticFrame
2026-07-10T17:27:35.561685Z  INFO herdr::logging: herdr starting event="app.startup" subsystem="client" outcome="started" pid=9901
2026-07-10T17:27:35.561993Z  INFO herdr::client: connecting to server path=/Users/dylanwax/.config/herdr/herdr-client.sock
2026-07-10T17:27:35.651903Z  INFO herdr::client: handshake succeeded version=16 encoding=SemanticFrame
2026-07-12T03:48:24.498795Z  INFO herdr::logging: herdr starting event="app.startup" subsystem="client" outcome="started" pid=11910
2026-07-12T03:48:24.499951Z  INFO herdr::client: connecting to server path=/Users/dylanwax/.config/herdr/herdr-client.sock
2026-07-12T03:48:24.710511Z  INFO herdr::client: handshake succeeded version=16 encoding=SemanticFrame
2026-07-12T03:51:15.534457Z  INFO herdr::logging: herdr starting event="app.startup" subsystem="client" outcome="started" pid=18346
2026-07-12T03:51:15.534533Z  INFO herdr::client: connecting to server path=/Users/dylanwax/.config/herdr/herdr-client.sock
2026-07-12T03:51:15.621252Z  INFO herdr::client: handshake succeeded version=16 encoding=SemanticFrame
2026-07-12T04:00:53.872476Z  INFO herdr::logging: herdr starting event="app.startup" subsystem="client" outcome="started" pid=2559
2026-07-12T04:00:53.872691Z  INFO herdr::client: connecting to server path=/Users/dylanwax/.config/herdr/herdr-client.sock
2026-07-12T04:00:54.077145Z  INFO herdr::client: handshake succeeded version=16 encoding=SemanticFrame
2026-07-12T04:03:38.859100Z  INFO herdr::logging: herdr starting event="app.startup" subsystem="client" outcome="started" pid=8716
2026-07-12T04:03:38.859175Z  INFO herdr::client: connecting to server path=/Users/dylanwax/.config/herdr/herdr-client.sock
2026-07-12T04:03:38.960366Z  INFO herdr::client: handshake succeeded version=16 encoding=SemanticFrame
2026-07-12T04:10:27.549077Z  INFO herdr::logging: herdr starting event="app.startup" subsystem="client" outcome="started" pid=9607
2026-07-12T04:10:27.549313Z  INFO herdr::client: connecting to server path=/Users/dylanwax/.config/herdr/herdr-client.sock
2026-07-12T04:10:27.800290Z  INFO herdr::client: handshake succeeded version=16 encoding=SemanticFrame
2026-07-12T04:48:56.264749Z  INFO herdr::logging: herdr starting event="app.startup" subsystem="client" outcome="started" pid=72513
2026-07-12T04:48:56.264800Z  INFO herdr::client: connecting to server path=/Users/dylanwax/.config/herdr/herdr-client.sock
2026-07-12T04:48:56.378630Z  INFO herdr::client: handshake succeeded version=16 encoding=SemanticFrame
2026-07-12T16:40:50.800164Z  INFO herdr::logging: herdr starting event="app.startup" subsystem="client" outcome="started" pid=66010
2026-07-12T16:40:50.800515Z  INFO herdr::client: connecting to server path=/Users/dylanwax/.config/herdr/herdr-client.sock
2026-07-12T16:40:51.031023Z  INFO herdr::client: handshake succeeded version=16 encoding=SemanticFrame
2026-07-12T20:40:27.739635Z  INFO herdr::logging: herdr starting event="app.startup" subsystem="client" outcome="started" pid=47661
2026-07-12T20:40:27.739738Z  INFO herdr::client: connecting to server path=/Users/dylanwax/.config/herdr/herdr-client.sock
2026-07-12T20:40:27.882555Z  INFO herdr::client: handshake succeeded version=16 encoding=SemanticFrame
2026-07-12T23:51:23.957925Z  INFO herdr::logging: herdr starting event="app.startup" subsystem="client" outcome="started" pid=51449
2026-07-12T23:51:23.958970Z  INFO herdr::client: connecting to server path=/Users/dylanwax/.config/herdr/herdr-client.sock
2026-07-12T23:51:24.083202Z  INFO herdr::client: handshake succeeded version=16 encoding=SemanticFrame
2026-07-13T01:11:15.596641Z  INFO herdr::logging: herdr starting event="app.startup" subsystem="client" outcome="started" pid=61638
2026-07-13T01:11:15.596692Z  INFO herdr::client: connecting to server path=/Users/dylanwax/.config/herdr/herdr-client.sock
2026-07-13T01:11:15.832175Z  INFO herdr::client: handshake succeeded version=16 encoding=SemanticFrame
2026-07-13T01:13:55.934889Z  INFO herdr::logging: herdr starting event="app.startup" subsystem="client" outcome="started" pid=68827
2026-07-13T01:13:55.934934Z  INFO herdr::client: connecting to server path=/Users/dylanwax/.config/herdr/herdr-client.sock
2026-07-13T01:13:56.176550Z  INFO herdr::client: handshake succeeded version=16 encoding=SemanticFrame
2026-07-13T01:49:40.027896Z  INFO herdr::logging: herdr starting event="app.startup" subsystem="client" outcome="started" pid=37958
2026-07-13T01:49:40.027990Z  INFO herdr::client: connecting to server path=/Users/dylanwax/.config/herdr/herdr-client.sock
2026-07-13T01:49:40.101928Z  INFO herdr::client: handshake succeeded version=16 encoding=SemanticFrame
2026-07-13T02:35:13.066724Z  INFO herdr::logging: herdr starting event="app.startup" subsystem="client" outcome="started" pid=31489
2026-07-13T02:35:13.067061Z  INFO herdr::client: connecting to server path=/Users/dylanwax/.config/herdr/herdr-client.sock
2026-07-13T02:35:13.215474Z  INFO herdr::client: handshake succeeded version=16 encoding=SemanticFrame
2026-07-13T05:42:01.073987Z  INFO herdr::logging: herdr starting event="app.startup" subsystem="client" outcome="started" pid=63459
2026-07-13T05:42:01.074243Z  INFO herdr::client: connecting to server path=/Users/dylanwax/.config/herdr/herdr-client.sock
2026-07-13T05:42:01.282886Z  INFO herdr::client: handshake succeeded version=16 encoding=SemanticFrame
2026-07-13T05:50:20.082551Z  INFO herdr::logging: herdr starting event="app.startup" subsystem="client" outcome="started" pid=91820
2026-07-13T05:50:20.082662Z  INFO herdr::client: connecting to server path=/Users/dylanwax/.config/herdr/herdr-client.sock
2026-07-13T05:50:20.115934Z  INFO herdr::client: handshake succeeded version=16 encoding=SemanticFrame
2026-07-13T06:53:37.001913Z  INFO herdr::logging: herdr starting event="app.startup" subsystem="client" outcome="started" pid=55228
2026-07-13T06:53:37.002020Z  INFO herdr::client: connecting to server path=/Users/dylanwax/.config/herdr/herdr-client.sock
2026-07-13T06:53:37.067671Z  INFO herdr::client: handshake succeeded version=16 encoding=SemanticFrame
2026-07-13T07:13:22.707231Z  INFO herdr::logging: herdr starting event="app.startup" subsystem="client" outcome="started" pid=48629
2026-07-13T07:13:22.707519Z  INFO herdr::client: connecting to server path=/Users/dylanwax/.config/herdr/herdr-client.sock
2026-07-13T07:13:22.952683Z  INFO herdr::client: handshake succeeded version=16 encoding=SemanticFrame
2026-07-13T07:28:40.816344Z  INFO herdr::logging: herdr starting event="app.startup" subsystem="client" outcome="started" pid=83086
2026-07-13T07:28:40.816416Z  INFO herdr::client: connecting to server path=/Users/dylanwax/.config/herdr/herdr-client.sock
2026-07-13T07:28:41.022715Z  INFO herdr::client: handshake succeeded version=16 encoding=SemanticFrame
2026-07-13T19:12:14.003007Z  INFO herdr::logging: herdr starting event="app.startup" subsystem="client" outcome="started" pid=9472
2026-07-13T19:12:14.003359Z  INFO herdr::client: connecting to server path=/Users/dylanwax/.config/herdr/herdr-client.sock
2026-07-13T19:12:14.164927Z  INFO herdr::client: handshake succeeded version=16 encoding=SemanticFrame
2026-07-13T20:10:54.482948Z  INFO herdr::logging: herdr starting event="app.startup" subsystem="client" outcome="started" pid=55844
2026-07-13T20:10:54.483039Z  INFO herdr::client: connecting to server path=/Users/dylanwax/.config/herdr/herdr-client.sock
2026-07-13T20:10:54.529843Z  INFO herdr::client: handshake succeeded version=16 encoding=SemanticFrame
2026-07-13T22:54:31.069817Z  INFO herdr::logging: herdr starting event="app.startup" subsystem="client" outcome="started" pid=28332
2026-07-13T22:54:31.069881Z  INFO herdr::client: connecting to server path=/Users/dylanwax/.config/herdr/herdr-client.sock
2026-07-13T22:54:31.248784Z  INFO herdr::client: handshake succeeded version=16 encoding=SemanticFrame
2026-07-14T04:01:58.783700Z  INFO herdr::logging: herdr starting event="app.startup" subsystem="client" outcome="started" pid=63417
2026-07-14T04:01:58.784066Z  INFO herdr::client: connecting to server path=/Users/dylanwax/.config/herdr/herdr-client.sock
2026-07-14T04:01:59.034992Z  INFO herdr::client: handshake succeeded version=16 encoding=SemanticFrame
2026-07-14T16:14:39.262156Z  INFO herdr::logging: herdr starting event="app.startup" subsystem="client" outcome="started" pid=97609
2026-07-14T16:14:39.262272Z  INFO herdr::client: connecting to server path=/Users/dylanwax/.config/herdr/herdr-client.sock
2026-07-14T16:14:39.488518Z  INFO herdr::client: handshake succeeded version=16 encoding=SemanticFrame
2026-07-15T02:20:04.125619Z  WARN herdr::sound: sound playback failed sound=Request err=player exited with exit status: 1
2026-07-15T06:57:44.576434Z  INFO herdr::logging: herdr starting event="app.startup" subsystem="client" outcome="started" pid=31075
2026-07-15T06:57:44.576669Z  INFO herdr::client: connecting to server path=/Users/dylanwax/.config/herdr/herdr-client.sock
2026-07-15T06:57:44.780006Z  INFO herdr::client: handshake succeeded version=16 encoding=SemanticFrame
2026-07-15T07:22:40.356340Z  INFO herdr::logging: herdr starting event="app.startup" subsystem="client" outcome="started" pid=35524
2026-07-15T07:22:40.356417Z  INFO herdr::client: connecting to server path=/Users/dylanwax/.config/herdr/herdr-client.sock
2026-07-15T07:22:40.389856Z  INFO herdr::client: handshake succeeded version=16 encoding=SemanticFrame
2026-07-15T19:20:19.971999Z  INFO herdr::logging: herdr starting event="app.startup" subsystem="client" outcome="started" pid=95460
2026-07-15T19:20:19.972398Z  INFO herdr::client: connecting to server path=/Users/dylanwax/.config/herdr/herdr-client.sock
2026-07-15T19:20:20.197364Z  INFO herdr::client: handshake succeeded version=16 encoding=SemanticFrame
2026-07-16T03:37:18.235169Z  INFO herdr::logging: herdr starting event="app.startup" subsystem="client" outcome="started" pid=2853
2026-07-16T03:37:18.235258Z  INFO herdr::client: connecting to server path=/Users/dylanwax/.config/herdr/herdr-client.sock
2026-07-16T03:37:18.258218Z  INFO herdr::client: handshake succeeded version=16 encoding=SemanticFrame
2026-07-16T05:33:00.532820Z  INFO herdr::logging: herdr starting event="app.startup" subsystem="client" outcome="started" pid=19999
2026-07-16T05:33:00.532878Z  INFO herdr::client: connecting to server path=/Users/dylanwax/.config/herdr/herdr-client.sock
2026-07-16T05:33:00.610346Z  INFO herdr::client: handshake succeeded version=16 encoding=SemanticFrame
2026-07-16T08:27:04.073685Z  INFO herdr::logging: herdr starting event="app.startup" subsystem="client" outcome="started" pid=45481
2026-07-16T08:27:04.073915Z  INFO herdr::client: connecting to server path=/Users/dylanwax/.config/herdr/herdr-client.sock
2026-07-16T08:27:04.229850Z  INFO herdr::client: handshake succeeded version=16 encoding=SemanticFrame
2026-07-16T21:04:06.114647Z  INFO herdr::logging: herdr starting event="app.startup" subsystem="client" outcome="started" pid=75280
2026-07-16T21:04:06.114907Z  INFO herdr::client: connecting to server path=/Users/dylanwax/.config/herdr/herdr-client.sock
2026-07-16T21:04:06.122254Z  INFO herdr::client: handshake succeeded version=16 encoding=SemanticFrame
2026-07-17T18:09:34.553952Z  INFO herdr::logging: herdr starting event="app.startup" subsystem="client" outcome="started" pid=84480
2026-07-17T18:09:34.554284Z  INFO herdr::client: connecting to server path=/Users/dylanwax/.config/herdr/herdr-client.sock
2026-07-17T18:09:34.752888Z  INFO herdr::client: handshake succeeded version=16 encoding=SemanticFrame
2026-07-18T05:17:59.711818Z  INFO herdr::logging: herdr starting event="app.startup" subsystem="client" outcome="started" pid=86938
2026-07-18T05:17:59.712409Z  INFO herdr::client: connecting to server path=/Users/dylanwax/.config/herdr/herdr-client.sock
2026-07-18T05:17:59.935228Z  INFO herdr::client: handshake succeeded version=16 encoding=SemanticFrame
2026-07-18T07:37:09.187679Z  INFO herdr::logging: herdr starting event="app.startup" subsystem="client" outcome="started" pid=55829
2026-07-18T07:37:09.188668Z  INFO herdr::client: connecting to server path=/Users/dylanwax/.config/herdr/herdr-client.sock
2026-07-18T07:37:09.279588Z  INFO herdr::client: handshake succeeded version=16 encoding=SemanticFrame
2026-07-21T19:42:39.095438Z  INFO herdr::logging: herdr starting event="app.startup" subsystem="client" outcome="started" pid=41014
2026-07-21T19:42:39.096088Z  INFO herdr::client: connecting to server path=/Users/dylanwax/.config/herdr/herdr-client.sock
2026-07-21T19:42:39.152500Z  INFO herdr::client: handshake succeeded version=16 encoding=SemanticFrame
2026-07-22T08:07:51.476528Z  INFO herdr::logging: herdr starting event="app.startup" subsystem="client" outcome="started" pid=19486
2026-07-22T08:07:51.477146Z  INFO herdr::client: connecting to server path=/Users/dylanwax/.config/herdr/herdr-client.sock
2026-07-22T08:07:51.654594Z  INFO herdr::client: handshake succeeded version=16 encoding=SemanticFrame
2026-07-22T08:35:24.386446Z  INFO herdr::logging: herdr starting event="app.startup" subsystem="client" outcome="started" pid=85966
2026-07-22T08:35:24.386956Z  INFO herdr::client: connecting to server path=/Users/dylanwax/.config/herdr/herdr-client.sock
2026-07-22T08:35:24.421325Z  INFO herdr::client: handshake succeeded version=16 encoding=SemanticFrame
2026-07-24T05:43:34.073623Z  INFO herdr::logging: herdr starting event="app.startup" subsystem="client" outcome="started" pid=68191
2026-07-24T05:43:34.073880Z  INFO herdr::client: connecting to server path=/Users/dylanwax/.config/herdr/herdr-client.sock
2026-07-24T05:43:34.142748Z  INFO herdr::client: handshake succeeded version=16 encoding=SemanticFrame
2026-07-27T05:02:11.849627Z  INFO herdr::logging: herdr starting event="app.startup" subsystem="client" outcome="started" pid=6995
2026-07-27T05:02:11.850070Z  INFO herdr::client: connecting to server path=/Users/dylanwax/.config/herdr/herdr-client.sock
2026-07-27T05:02:11.977184Z  INFO herdr::client: handshake succeeded version=16 encoding=SemanticFrame
2026-07-27T21:02:05.598304Z  INFO herdr::logging: herdr starting event="app.startup" subsystem="client" outcome="started" pid=5294
2026-07-27T21:02:05.598508Z  INFO herdr::client: connecting to server path=/Users/dylanwax/.config/herdr/herdr-client.sock
2026-07-27T21:02:05.836274Z  INFO herdr::client: handshake succeeded version=17 encoding=SemanticFrame
2026-07-28T02:15:33.503388Z  WARN herdr::sound: sound playback failed sound=Done err=player exited with exit status: 1
2026-07-31T03:36:54.638488Z  INFO herdr::logging: herdr starting event="app.startup" subsystem="client" outcome="started" pid=76168
2026-07-31T03:36:54.638835Z  INFO herdr::client: connecting to server path=/Users/dylanwax/.config/herdr/herdr-client.sock
2026-07-31T03:36:54.660240Z  INFO herdr::client: handshake succeeded version=17 encoding=SemanticFrame
2026-08-05T00:35:06.575389Z  INFO herdr::logging: herdr starting event="app.startup" subsystem="client" outcome="started" pid=72803
2026-08-05T00:35:06.575600Z  INFO herdr::client: connecting to server path=/Users/dylanwax/.config/herdr/herdr-client.sock
2026-08-05T00:35:06.764733Z  INFO herdr::client: handshake succeeded version=17 encoding=SemanticFrame
2026-08-07T02:57:56.223567Z  INFO herdr::logging: herdr starting event="app.startup" subsystem="client" outcome="started" pid=41724
2026-08-07T02:57:56.223879Z  INFO herdr::client: connecting to server path=/Users/dylanwax/.config/herdr/herdr-client.sock
2026-08-07T02:57:56.260648Z  INFO herdr::client: handshake succeeded version=17 encoding=SemanticFrame
